[92mdF/dÎ·[0m
k = -0.50, eta =   -70.000, beta =     1e-07, dF/dÎ·=   7.0463013e-31, error =   2.5162313e-31
k = -0.50, eta =   -70.000, beta =     0.001, dF/dÎ·=   7.0471818e-31, error =   2.5245405e-31
k = -0.50, eta =   -70.000, beta =        30, dF/dÎ·=   1.7750136e-30, error =   2.8331347e-31
k = -0.50, eta =   -70.000, beta =       100, dF/dÎ·=   2.9726291e-30, error =   3.2587309e-31
k = -0.50, eta =     0.000, beta =     1e-07, dF/dÎ·=      0.67371825, error =   4.8597183e-33
k = -0.50, eta =     0.000, beta =     0.001, dF/dÎ·=      0.67385223, error =   2.0535373e-31
k = -0.50, eta =     0.000, beta =        30, dF/dÎ·=       2.1169606, error =   4.7362202e-31
k = -0.50, eta =     0.000, beta =       100, dF/dÎ·=       3.6554973, error =   7.4813911e-33
k = -0.50, eta =    50.000, beta =     1e-07, dF/dÎ·=      0.14149161, error =   3.7534042e-31
k = -0.50, eta =    50.000, beta =     0.001, dF/dÎ·=      0.14324799, error =   6.8568103e-32
k = -0.50, eta =    50.000, beta =        30, dF/dÎ·=       3.8755679, error =   2.6546607e-31
k = -0.50, eta =    50.000, beta =       100, dF/dÎ·=       7.0724838, error =   1.7863739e-32
k = -0.50, eta =   500.000, beta =     1e-07, dF/dÎ·=     0.044722139, error =   2.8126405e-32
k = -0.50, eta =   500.000, beta =     0.001, dF/dÎ·=     0.050000211, error =   3.5087888e-31
k = -0.50, eta =   500.000, beta =        30, dF/dÎ·=       3.8732415, error =   1.5394545e-31
k = -0.50, eta =   500.000, beta =       100, dF/dÎ·=       7.0712092, error =   3.5705975e-25
k = -0.50, eta = 10000.000, beta =     1e-07, dF/dÎ·=       0.0100025, error =    3.014004e-21
k = -0.50, eta = 10000.000, beta =     0.001, dF/dÎ·=     0.024494897, error =   3.1811886e-21
k = -0.50, eta = 10000.000, beta =        30, dF/dÎ·=       3.8729963, error =   1.9696092e-18
k = -0.50, eta = 10000.000, beta =       100, dF/dÎ·=       7.0710749, error =   2.5834241e-16
k =  0.50, eta =   -70.000, beta =     1e-07, dF/dÎ·=   3.5231507e-31, error =   2.9722578e-31
k =  0.50, eta =   -70.000, beta =     0.001, dF/dÎ·=   3.5244714e-31, error =   2.8062601e-31
k =  0.50, eta =   -70.000, beta =        30, dF/dÎ·=   1.5883196e-30, error =   3.0475356e-31
k =  0.50, eta =   -70.000, beta =       100, dF/dÎ·=   2.8385779e-30, error =   2.9116488e-31
k =  0.50, eta =     0.000, beta =     1e-07, dF/dÎ·=      0.53607749, error =   1.8735584e-31
k =  0.50, eta =     0.000, beta =     0.001, dF/dÎ·=      0.53633166, error =   8.8516447e-32
k =  0.50, eta =     0.000, beta =        30, dF/dÎ·=       2.7468891, error =   1.0362721e-31
k =  0.50, eta =     0.000, beta =       100, dF/dÎ·=       4.9361785, error =   3.4443871e-31
k =  0.50, eta =    50.000, beta =     1e-07, dF/dÎ·=       7.0699115, error =    6.243687e-32
k =  0.50, eta =    50.000, beta =     0.001, dF/dÎ·=       7.1577877, error =   5.6827112e-32
k =  0.50, eta =    50.000, beta =        30, dF/dÎ·=       193.77822, error =    1.666544e-31
k =  0.50, eta =    50.000, beta =       100, dF/dÎ·=       353.62409, error =   1.1153947e-32
k =  0.50, eta =   500.000, beta =     1e-07, dF/dÎ·=       22.360923, error =   7.7171826e-32
k =  0.50, eta =   500.000, beta =     0.001, dF/dÎ·=       24.999974, error =   8.6281752e-34
k =  0.50, eta =   500.000, beta =        30, dF/dÎ·=       1936.6208, error =   1.9144927e-32
k =  0.50, eta =   500.000, beta =       100, dF/dÎ·=       3535.6046, error =   1.4376679e-29
k =  0.50, eta = 10000.000, beta =     1e-07, dF/dÎ·=         100.025, error =   3.4150182e-21
k =  0.50, eta = 10000.000, beta =     0.001, dF/dÎ·=       244.94897, error =   3.5812665e-21
k =  0.50, eta = 10000.000, beta =        30, dF/dÎ·=       38729.963, error =    3.630143e-21
k =  0.50, eta = 10000.000, beta =       100, dF/dÎ·=       70710.749, error =   3.5870198e-21
k =  1.50, eta =   -70.000, beta =     1e-07, dF/dÎ·=   5.2847262e-31, error =   3.0775499e-31
k =  1.50, eta =   -70.000, beta =     0.001, dF/dÎ·=   5.2880274e-31, error =   2.7610267e-31
k =  1.50, eta =   -70.000, beta =        30, dF/dÎ·=   3.1299184e-30, error =   2.8250809e-31
k =  1.50, eta =   -70.000, beta =       100, dF/dÎ·=   5.6501106e-30, error =   3.1213421e-31
k =  1.50, eta =     0.000, beta =     1e-07, dF/dÎ·=       1.0171409, error =   1.3235384e-31
k =  1.50, eta =     0.000, beta =     0.001, dF/dÎ·=        1.017861, error =   3.7464263e-32
k =  1.50, eta =     0.000, beta =        30, dF/dÎ·=       6.4592791, error =    1.803301e-31
k =  1.50, eta =     0.000, beta =       100, dF/dÎ·=       11.680281, error =   8.4422296e-33
k =  1.50, eta =    50.000, beta =     1e-07, dF/dÎ·=       353.72837, error =   1.2683875e-32
k =  1.50, eta =    50.000, beta =     0.001, dF/dÎ·=       358.13081, error =   1.0517975e-31
k =  1.50, eta =    50.000, beta =        30, dF/dÎ·=       9701.6528, error =   5.9845641e-32
k =  1.50, eta =    50.000, beta =       100, dF/dÎ·=       17704.468, error =   5.7033173e-32
k =  1.50, eta =   500.000, beta =     1e-07, dF/dÎ·=       11180.535, error =    1.190996e-31
k =  1.50, eta =   500.000, beta =     0.001, dF/dÎ·=       12500.086, error =   2.3854991e-32
k =  1.50, eta =   500.000, beta =        30, dF/dÎ·=       968323.13, error =   4.0668177e-33
k =  1.50, eta =   500.000, beta =       100, dF/dÎ·=       1767825.6, error =   2.6045688e-32
k =  1.50, eta = 10000.000, beta =     1e-07, dF/dÎ·=         1000250, error =   3.8137857e-21
k =  1.50, eta = 10000.000, beta =     0.001, dF/dÎ·=       2449489.8, error =   3.9791015e-21
k =  1.50, eta = 10000.000, beta =        30, dF/dÎ·=   3.8729964e+08, error =   4.0122297e-21
k =  1.50, eta = 10000.000, beta =       100, dF/dÎ·=   7.0710751e+08, error =   4.0122292e-21
k =  2.50, eta =   -70.000, beta =     1e-07, dF/dÎ·=   1.3211816e-30, error =   2.7782757e-31
k =  2.50, eta =   -70.000, beta =     0.001, dF/dÎ·=   1.3223369e-30, error =   3.1274252e-31
k =  2.50, eta =   -70.000, beta =        30, dF/dÎ·=    9.339926e-30, error =   2.7575185e-31
k =  2.50, eta =   -70.000, beta =       100, dF/dÎ·=   1.6922487e-29, error =    2.753714e-31
k =  2.50, eta =     0.000, beta =     1e-07, dF/dÎ·=       2.8820099, error =   1.8871643e-31
k =  2.50, eta =     0.000, beta =     0.001, dF/dÎ·=       2.8847053, error =   2.2966641e-31
k =  2.50, eta =     0.000, beta =        30, dF/dÎ·=        21.16086, error =   6.0578773e-32
k =  2.50, eta =     0.000, beta =       100, dF/dÎ·=       38.365287, error =   1.0586135e-31
k =  2.50, eta =    50.000, beta =     1e-07, dF/dÎ·=       17721.305, error =   3.4187391e-32
k =  2.50, eta =    50.000, beta =     0.001, dF/dÎ·=       17942.148, error =   6.6653845e-32
k =  2.50, eta =    50.000, beta =        30, dF/dÎ·=       486357.22, error =   3.0207725e-32
k =  2.50, eta =    50.000, beta =       100, dF/dÎ·=        887549.9, error =   2.0364355e-32
k =  2.50, eta =   500.000, beta =     1e-07, dF/dÎ·=       5590377.8, error =   7.9762418e-32
k =  2.50, eta =   500.000, beta =     0.001, dF/dÎ·=       6250174.4, error =   1.3764418e-31
k =  2.50, eta =   500.000, beta =        30, dF/dÎ·=    4.841743e+08, error =   2.5840088e-32
k =  2.50, eta =   500.000, beta =       100, dF/dÎ·=   8.8393605e+08, error =   3.3922474e-33
k =  2.50, eta = 10000.000, beta =     1e-07, dF/dÎ·=     1.00025e+10, error =   4.2103159e-21
k =  2.50, eta = 10000.000, beta =     0.001, dF/dÎ·=     2.44949e+10, error =    4.374703e-21
k =  2.50, eta = 10000.000, beta =        30, dF/dÎ·=   3.8729966e+12, error =   4.4076452e-21
k =  2.50, eta = 10000.000, beta =       100, dF/dÎ·=   7.0710756e+12, error =   4.4076461e-21

[92mdF/dÎ²[0m
k = -0.50, eta =   -70.000, beta =     1e-07, dF/dÎ² =   8.8078762e-32, error =   2.2379761e-24
k = -0.50, eta =   -70.000, beta =     0.001, dF/dÎ² =   8.8045766e-32, error =   3.6673538e-28
k = -0.50, eta =   -70.000, beta =        30, dF/dÎ² =   2.3360427e-32, error =   1.4836553e-32
k = -0.50, eta =   -70.000, beta =       100, dF/dÎ² =   1.3522634e-32, error =   5.1418456e-31
k = -0.50, eta =     0.000, beta =     1e-07, dF/dÎ² =      0.16952347, error =   2.3175009e-25
k = -0.50, eta =     0.000, beta =     0.001, dF/dÎ² =       0.1694515, error =   9.3945979e-28
k = -0.50, eta =     0.000, beta =        30, dF/dÎ² =      0.04142938, error =   3.3281828e-31
k = -0.50, eta =     0.000, beta =       100, dF/dÎ² =     0.023761366, error =   1.0296264e-31
k = -0.50, eta =    50.000, beta =     1e-07, dF/dÎ² =       58.954609, error =   1.0938736e-25
k = -0.50, eta =    50.000, beta =     0.001, dF/dÎ² =       58.517479, error =     1.07684e-29
k = -0.50, eta =    50.000, beta =        30, dF/dÎ² =       3.2124101, error =   1.3333504e-31
k = -0.50, eta =    50.000, beta =       100, dF/dÎ² =       1.7648643, error =   1.9762761e-31
k = -0.50, eta =   500.000, beta =     1e-07, dF/dÎ² =       1863.3852, error =   1.0492345e-26
k = -0.50, eta =   500.000, beta =     0.001, dF/dÎ² =       1739.7831, error =   3.2085477e-30
k = -0.50, eta =   500.000, beta =        30, dF/dÎ² =       32.254831, error =   4.6373029e-31
k = -0.50, eta =   500.000, beta =       100, dF/dÎ² =       17.673953, error =   6.4527653e-31
k = -0.50, eta = 10000.000, beta =     1e-07, dF/dÎ² =       166641.68, error =    3.231825e-28
k = -0.50, eta = 10000.000, beta =     0.001, dF/dÎ² =       87938.754, error =   1.1367509e-30
k = -0.50, eta = 10000.000, beta =        30, dF/dÎ² =       645.47075, error =   5.1941298e-32
k = -0.50, eta = 10000.000, beta =       100, dF/dÎ² =       353.54861, error =   1.7780399e-31
k =  0.50, eta =   -70.000, beta =     1e-07, dF/dÎ² =   1.3211814e-31, error =   5.9995338e-26
k =  0.50, eta =   -70.000, beta =     0.001, dF/dÎ² =   1.3203568e-31, error =   1.8249864e-29
k =  0.50, eta =   -70.000, beta =        30, dF/dÎ² =   2.4914632e-32, error =   7.9064203e-31
k =  0.50, eta =   -70.000, beta =       100, dF/dÎ² =   1.3922437e-32, error =    2.059741e-31
k =  0.50, eta =     0.000, beta =     1e-07, dF/dÎ² =      0.28820094, error =   5.2092874e-25
k =  0.50, eta =     0.000, beta =     0.001, dF/dÎ² =      0.28800856, error =   2.6918251e-29
k =  0.50, eta =     0.000, beta =        30, dF/dÎ² =     0.051755857, error =    1.578014e-31
k =  0.50, eta =     0.000, beta =       100, dF/dÎ² =     0.028844282, error =    3.415698e-31
k =  0.50, eta =    50.000, beta =     1e-07, dF/dÎ² =       1772.1267, error =   5.3840372e-27
k =  0.50, eta =    50.000, beta =     0.001, dF/dÎ² =       1756.4824, error =   5.1905234e-30
k =  0.50, eta =    50.000, beta =        30, dF/dÎ² =       80.686486, error =   5.4826827e-31
k =  0.50, eta =    50.000, beta =       100, dF/dÎ² =       44.234696, error =   1.6858262e-32
k =  0.50, eta =   500.000, beta =     1e-07, dF/dÎ² =        559025.8, error =    4.784399e-28
k =  0.50, eta =   500.000, beta =     0.001, dF/dÎ² =        515346.8, error =   1.4483475e-30
k =  0.50, eta =   500.000, beta =        30, dF/dÎ² =       8067.7466, error =   5.4756567e-31
k =  0.50, eta =   500.000, beta =       100, dF/dÎ² =       4419.2988, error =   1.7082798e-31
k =  0.50, eta = 10000.000, beta =     1e-07, dF/dÎ² =   9.9982154e+08, error =   1.2521241e-28
k =  0.50, eta = 10000.000, beta =     0.001, dF/dÎ² =   4.8046432e+08, error =    5.063737e-31
k =  0.50, eta = 10000.000, beta =        30, dF/dÎ² =       3227464.7, error =     7.90908e-32
k =  0.50, eta = 10000.000, beta =       100, dF/dÎ² =       1767763.5, error =    3.552848e-31
k =  1.50, eta =   -70.000, beta =     1e-07, dF/dÎ² =   3.3029534e-31, error =   2.9852509e-25
k =  1.50, eta =   -70.000, beta =     0.001, dF/dÎ² =   3.3000685e-31, error =   7.0262521e-29
k =  1.50, eta =   -70.000, beta =        30, dF/dÎ² =   5.0504331e-32, error =    2.306943e-31
k =  1.50, eta =   -70.000, beta =       100, dF/dÎ² =   2.7972104e-32, error =   3.8359615e-32
k =  1.50, eta =     0.000, beta =     1e-07, dF/dÎ² =      0.77064645, error =   2.5858111e-25
k =  1.50, eta =     0.000, beta =     0.001, dF/dÎ² =      0.76994874, error =   8.6833456e-29
k =  1.50, eta =     0.000, beta =        30, dF/dÎ² =      0.11468501, error =    7.627268e-31
k =  1.50, eta =     0.000, beta =       100, dF/dÎ² =     0.063461408, error =   1.1342583e-31
k =  1.50, eta =    50.000, beta =     1e-07, dF/dÎ² =        63498.08, error =   2.0531711e-26
k =  1.50, eta =    50.000, beta =     0.001, dF/dÎ² =       62887.366, error =   3.2795108e-31
k =  1.50, eta =    50.000, beta =        30, dF/dÎ² =        2697.502, error =   1.4724418e-31
k =  1.50, eta =    50.000, beta =       100, dF/dÎ² =       1478.5126, error =   2.9585367e-31
k =  1.50, eta =   500.000, beta =     1e-07, dF/dÎ² =   1.9965848e+08, error =   1.9307292e-27
k =  1.50, eta =   500.000, beta =     0.001, dF/dÎ² =   1.8278439e+08, error =    4.318971e-31
k =  1.50, eta =   500.000, beta =        30, dF/dÎ² =         2689409, error =   2.4899926e-31
k =  1.50, eta =   500.000, beta =       100, dF/dÎ² =       1473153.1, error =   3.5916483e-32
k =  1.50, eta = 10000.000, beta =     1e-07, dF/dÎ² =   7.1414697e+12, error =   4.2242494e-28
k =  1.50, eta = 10000.000, beta =     0.001, dF/dÎ² =   3.2817094e+12, error =   4.8020851e-31
k =  1.50, eta = 10000.000, beta =        30, dF/dÎ² =   2.1516469e+10, error =   2.0298469e-32
k =  1.50, eta = 10000.000, beta =       100, dF/dÎ² =   1.1785097e+10, error =    2.676997e-31
k =  2.50, eta =   -70.000, beta =     1e-07, dF/dÎ² =   1.1560337e-30, error =   7.2717766e-26
k =  2.50, eta =   -70.000, beta =     0.001, dF/dÎ² =   1.1547359e-30, error =   4.7394031e-29
k =  2.50, eta =   -70.000, beta =        30, dF/dÎ² =   1.5229848e-31, error =   4.9143016e-31
k =  2.50, eta =   -70.000, beta =       100, dF/dÎ² =   8.4052993e-32, error =   7.5306604e-31
k =  2.50, eta =     0.000, beta =     1e-07, dF/dÎ² =       2.7959289, error =   1.8856715e-26
k =  2.50, eta =     0.000, beta =     0.001, dF/dÎ² =       2.7927302, error =   1.4433112e-29
k =  2.50, eta =     0.000, beta =        30, dF/dÎ² =      0.36298945, error =   3.3797604e-31
k =  2.50, eta =     0.000, beta =       100, dF/dÎ² =      0.20026282, error =   6.0106326e-32
k =  2.50, eta =    50.000, beta =     1e-07, dF/dÎ² =         2480717, error =   1.5283027e-26
k =  2.50, eta =    50.000, beta =     0.001, dF/dÎ² =       2455599.2, error =   2.7795463e-30
k =  2.50, eta =    50.000, beta =        30, dF/dÎ² =       101566.15, error =    1.389355e-31
k =  2.50, eta =    50.000, beta =       100, dF/dÎ² =       55664.515, error =   2.0463937e-31
k =  2.50, eta =   500.000, beta =     1e-07, dF/dÎ² =   7.7648501e+10, error =    3.763264e-28
k =  2.50, eta =   500.000, beta =     0.001, dF/dÎ² =   7.0776576e+10, error =   5.3181475e-31
k =  2.50, eta =   500.000, beta =        30, dF/dÎ² =   1.0085794e+09, error =   8.2024678e-31
k =  2.50, eta =   500.000, beta =       100, dF/dÎ² =   5.5245606e+08, error =    1.658236e-31
k =  2.50, eta = 10000.000, beta =     1e-07, dF/dÎ² =    5.554421e+16, error =   8.0527668e-29
k =  2.50, eta = 10000.000, beta =     0.001, dF/dÎ² =   2.4875636e+16, error =   5.7183392e-33
k =  2.50, eta = 10000.000, beta =        30, dF/dÎ² =   1.6137362e+14, error =   5.1195608e-31
k =  2.50, eta = 10000.000, beta =       100, dF/dÎ² =   8.8388247e+13, error =   5.1104728e-31

[92mdÂ²F/dÎ·Â²[0m
k = -0.50, eta =   -70.000, beta =     1e-07, dÂ²F/dÎ·Â² =   8.8078762e-32, error (D2F) =   8.8369958e-31, error (DF') =   2.9657894e-31
k = -0.50, eta =   -70.000, beta =     0.001, dÂ²F/dÎ·Â² =   8.8045766e-32, error (D2F) =   1.3280247e-31, error (DF') =    2.812351e-31
k = -0.50, eta =   -70.000, beta =        30, dÂ²F/dÎ·Â² =   2.3360427e-32, error (D2F) =   2.0265044e-30, error (DF') =    2.829711e-31
k = -0.50, eta =   -70.000, beta =       100, dÂ²F/dÎ·Â² =   1.3522634e-32, error (D2F) =   2.0174897e-30, error (DF') =   2.9684299e-31
k = -0.50, eta =     0.000, beta =     1e-07, dÂ²F/dÎ·Â² =      0.16952347, error (D2F) =   2.8609642e-28, error (DF') =   8.7321132e-32
k = -0.50, eta =     0.000, beta =     0.001, dÂ²F/dÎ·Â² =       0.1694515, error (D2F) =   7.2283843e-29, error (DF') =   1.7994914e-31
k = -0.50, eta =     0.000, beta =        30, dÂ²F/dÎ·Â² =      0.04142938, error (D2F) =   2.6742723e-29, error (DF') =   6.9218966e-32
k = -0.50, eta =     0.000, beta =       100, dÂ²F/dÎ·Â² =     0.023761366, error (D2F) =   5.7919825e-29, error (DF') =    1.581703e-31
k = -0.50, eta =    50.000, beta =     1e-07, dÂ²F/dÎ·Â² =       58.954609, error (D2F) =   9.2217182e-28, error (DF') =   4.7042097e-31
k = -0.50, eta =    50.000, beta =     0.001, dÂ²F/dÎ·Â² =       58.517479, error (D2F) =   4.3986433e-28, error (DF') =   4.8484832e-31
k = -0.50, eta =    50.000, beta =        30, dÂ²F/dÎ·Â² =       3.2124101, error (D2F) =   1.2632066e-25, error (DF') =   3.0663053e-28
k = -0.50, eta =    50.000, beta =       100, dÂ²F/dÎ·Â² =       1.7648643, error (D2F) =   6.5906452e-25, error (DF') =   8.0367481e-28
k = -0.50, eta =   500.000, beta =     1e-07, dÂ²F/dÎ·Â² =       1863.3852, error (D2F) =   5.8352175e-28, error (DF') =   5.1688534e-31
k = -0.50, eta =   500.000, beta =     0.001, dÂ²F/dÎ·Â² =       1739.7831, error (D2F) =   5.3059362e-28, error (DF') =    1.231885e-30
k = -0.50, eta =   500.000, beta =        30, dÂ²F/dÎ·Â² =       32.254831, error (D2F) =   1.0175058e-24, error (DF') =    2.332474e-27
k = -0.50, eta =   500.000, beta =       100, dÂ²F/dÎ·Â² =       17.673953, error (D2F) =   3.7377192e-19, error (DF') =   2.3413636e-26
k = -0.50, eta = 10000.000, beta =     1e-07, dÂ²F/dÎ·Â² =       166641.68, error (D2F) =   3.1955492e-14, error (DF') =   3.1955521e-14
k = -0.50, eta = 10000.000, beta =     0.001, dÂ²F/dÎ·Â² =       87938.754, error (D2F) =   1.9140825e-13, error (DF') =   1.9140846e-13
[91mk = -0.50, eta = 10000.000, beta =        30, dÂ²F/dÎ·Â² =       645.47075, error (D2F) =   4.7851905e-09, error (DF') =   4.7840977e-09[0m
[91mk = -0.50, eta = 10000.000, beta =       100, dÂ²F/dÎ·Â² =       353.54861, error (D2F) =   6.8729546e-09, error (DF') =   1.5946918e-08[0m
k =  0.50, eta =   -70.000, beta =     1e-07, dÂ²F/dÎ·Â² =   1.3211814e-31, error (D2F) =   3.5533412e-31, error (DF') =   3.1242666e-31
k =  0.50, eta =   -70.000, beta =     0.001, dÂ²F/dÎ·Â² =   1.3203568e-31, error (D2F) =   5.7752488e-31, error (DF') =   2.8472117e-31
k =  0.50, eta =   -70.000, beta =        30, dÂ²F/dÎ·Â² =   2.4914632e-32, error (D2F) =   3.3670199e-31, error (DF') =   2.8045745e-31
k =  0.50, eta =   -70.000, beta =       100, dÂ²F/dÎ·Â² =   1.3922437e-32, error (D2F) =   7.2170355e-31, error (DF') =   2.8249417e-31
k =  0.50, eta =     0.000, beta =     1e-07, dÂ²F/dÎ·Â² =      0.28820094, error (D2F) =   1.6748046e-28, error (DF') =   6.0317677e-32
k =  0.50, eta =     0.000, beta =     0.001, dÂ²F/dÎ·Â² =      0.28800856, error (D2F) =   2.0973896e-29, error (DF') =   1.4284768e-33
k =  0.50, eta =     0.000, beta =        30, dÂ²F/dÎ·Â² =     0.051755857, error (D2F) =   1.4265659e-29, error (DF') =   2.6711785e-32
k =  0.50, eta =     0.000, beta =       100, dÂ²F/dÎ·Â² =     0.028844282, error (D2F) =   1.2860006e-28, error (DF') =   5.7781069e-32
k =  0.50, eta =    50.000, beta =     1e-07, dÂ²F/dÎ·Â² =       1772.1267, error (D2F) =   2.7357416e-29, error (DF') =    1.905622e-32
k =  0.50, eta =    50.000, beta =     0.001, dÂ²F/dÎ·Â² =       1756.4824, error (D2F) =   1.8273801e-28, error (DF') =   3.8242443e-31
k =  0.50, eta =    50.000, beta =        30, dÂ²F/dÎ·Â² =       80.686486, error (D2F) =     2.57468e-29, error (DF') =   1.2710294e-31
k =  0.50, eta =    50.000, beta =       100, dÂ²F/dÎ·Â² =       44.234696, error (D2F) =   7.6596311e-30, error (DF') =   6.1119294e-32
k =  0.50, eta =   500.000, beta =     1e-07, dÂ²F/dÎ·Â² =        559025.8, error (D2F) =    4.079952e-28, error (DF') =   4.0990855e-31
k =  0.50, eta =   500.000, beta =     0.001, dÂ²F/dÎ·Â² =        515346.8, error (D2F) =   3.1871953e-28, error (DF') =   6.7658106e-31
k =  0.50, eta =   500.000, beta =        30, dÂ²F/dÎ·Â² =       8067.7466, error (D2F) =   1.2727801e-29, error (DF') =   4.7230987e-31
k =  0.50, eta =   500.000, beta =       100, dÂ²F/dÎ·Â² =       4419.2988, error (D2F) =    3.201956e-28, error (DF') =   2.7432867e-31
k =  0.50, eta = 10000.000, beta =     1e-07, dÂ²F/dÎ·Â² =   9.9982154e+08, error (D2F) =   3.1832065e-14, error (DF') =   3.1832106e-14
k =  0.50, eta = 10000.000, beta =     0.001, dÂ²F/dÎ·Â² =   4.8046432e+08, error (D2F) =   1.7350874e-14, error (DF') =   1.7350899e-14
k =  0.50, eta = 10000.000, beta =        30, dÂ²F/dÎ·Â² =       3227464.7, error (D2F) =   1.5901212e-14, error (DF') =   1.5901236e-14
k =  0.50, eta = 10000.000, beta =       100, dÂ²F/dÎ·Â² =       1767763.5, error (D2F) =   1.5901193e-14, error (DF') =   1.5901198e-14
k =  1.50, eta =   -70.000, beta =     1e-07, dÂ²F/dÎ·Â² =   3.3029534e-31, error (D2F) =   4.9505286e-31, error (DF') =   2.7656263e-31
k =  1.50, eta =   -70.000, beta =     0.001, dÂ²F/dÎ·Â² =   3.3000685e-31, error (D2F) =    8.803107e-31, error (DF') =   3.0813748e-31
k =  1.50, eta =   -70.000, beta =        30, dÂ²F/dÎ·Â² =   5.0504331e-32, error (D2F) =   1.0586772e-30, error (DF') =   2.9338125e-31
k =  1.50, eta =   -70.000, beta =       100, dÂ²F/dÎ·Â² =   2.7972104e-32, error (D2F) =    1.320816e-31, error (DF') =   2.7696264e-31
k =  1.50, eta =     0.000, beta =     1e-07, dÂ²F/dÎ·Â² =      0.77064645, error (D2F) =   1.9616497e-28, error (DF') =   1.6621917e-31
k =  1.50, eta =     0.000, beta =     0.001, dÂ²F/dÎ·Â² =      0.76994874, error (D2F) =   5.2781145e-29, error (DF') =   2.0138762e-31
k =  1.50, eta =     0.000, beta =        30, dÂ²F/dÎ·Â² =      0.11468501, error (D2F) =   6.9843096e-29, error (DF') =   7.4724279e-32
k =  1.50, eta =     0.000, beta =       100, dÂ²F/dÎ·Â² =     0.063461408, error (D2F) =   2.7828725e-29, error (DF') =    1.115091e-31
k =  1.50, eta =    50.000, beta =     1e-07, dÂ²F/dÎ·Â² =        63498.08, error (D2F) =   1.7588368e-29, error (DF') =   3.3096235e-31
k =  1.50, eta =    50.000, beta =     0.001, dÂ²F/dÎ·Â² =       62887.366, error (D2F) =   2.9920736e-29, error (DF') =   3.7906423e-31
k =  1.50, eta =    50.000, beta =        30, dÂ²F/dÎ·Â² =        2697.502, error (D2F) =   1.4948533e-29, error (DF') =   2.7220799e-31
k =  1.50, eta =    50.000, beta =       100, dÂ²F/dÎ·Â² =       1478.5126, error (D2F) =   1.4589427e-30, error (DF') =   3.7787774e-32
k =  1.50, eta =   500.000, beta =     1e-07, dÂ²F/dÎ·Â² =   1.9965848e+08, error (D2F) =   6.7420053e-30, error (DF') =   5.8080503e-31
k =  1.50, eta =   500.000, beta =     0.001, dÂ²F/dÎ·Â² =   1.8278439e+08, error (D2F) =   6.5457942e-29, error (DF') =   1.4929821e-31
k =  1.50, eta =   500.000, beta =        30, dÂ²F/dÎ·Â² =         2689409, error (D2F) =    2.811241e-30, error (DF') =   1.3238954e-33
k =  1.50, eta =   500.000, beta =       100, dÂ²F/dÎ·Â² =       1473153.1, error (D2F) =   7.4955379e-30, error (DF') =    3.871155e-32
k =  1.50, eta = 10000.000, beta =     1e-07, dÂ²F/dÎ·Â² =   7.1414697e+12, error (D2F) =   1.0583797e-14, error (DF') =   1.0583815e-14
k =  1.50, eta = 10000.000, beta =     0.001, dÂ²F/dÎ·Â² =   3.2817094e+12, error (D2F) =   8.2744559e-15, error (DF') =   8.2744716e-15
k =  1.50, eta = 10000.000, beta =        30, dÂ²F/dÎ·Â² =   2.1516469e+10, error (D2F) =   7.9278011e-15, error (DF') =   7.9278165e-15
k =  1.50, eta = 10000.000, beta =       100, dÂ²F/dÎ·Â² =   1.1785097e+10, error (D2F) =   7.9277918e-15, error (DF') =   7.9278072e-15
k =  2.50, eta =   -70.000, beta =     1e-07, dÂ²F/dÎ·Â² =   1.1560337e-30, error (D2F) =   1.0365636e-30, error (DF') =   2.5643852e-31
k =  2.50, eta =   -70.000, beta =     0.001, dÂ²F/dÎ·Â² =   1.1547359e-30, error (D2F) =   8.5929513e-31, error (DF') =   2.9389984e-31
k =  2.50, eta =   -70.000, beta =        30, dÂ²F/dÎ·Â² =   1.5229848e-31, error (D2F) =    8.432619e-32, error (DF') =   2.7497105e-31
k =  2.50, eta =   -70.000, beta =       100, dÂ²F/dÎ·Â² =   8.4052993e-32, error (D2F) =   1.2482929e-31, error (DF') =   2.8614493e-31
k =  2.50, eta =     0.000, beta =     1e-07, dÂ²F/dÎ·Â² =       2.7959289, error (D2F) =   2.0054919e-29, error (DF') =   1.7722917e-32
k =  2.50, eta =     0.000, beta =     0.001, dÂ²F/dÎ·Â² =       2.7927302, error (D2F) =    8.327426e-30, error (DF') =   1.3347126e-31
k =  2.50, eta =     0.000, beta =        30, dÂ²F/dÎ·Â² =      0.36298945, error (D2F) =   2.7367283e-29, error (DF') =    8.801824e-32
k =  2.50, eta =     0.000, beta =       100, dÂ²F/dÎ·Â² =      0.20026282, error (D2F) =   3.6083491e-29, error (DF') =   2.2015553e-32
k =  2.50, eta =    50.000, beta =     1e-07, dÂ²F/dÎ·Â² =         2480717, error (D2F) =   3.5605153e-30, error (DF') =   2.7988141e-32
k =  2.50, eta =    50.000, beta =     0.001, dÂ²F/dÎ·Â² =       2455599.2, error (D2F) =   4.9118429e-30, error (DF') =   7.1130534e-32
k =  2.50, eta =    50.000, beta =        30, dÂ²F/dÎ·Â² =       101566.15, error (D2F) =   2.4724331e-31, error (DF') =   2.8194413e-33
k =  2.50, eta =    50.000, beta =       100, dÂ²F/dÎ·Â² =       55664.515, error (D2F) =   2.5568009e-30, error (DF') =   2.3765404e-32
k =  2.50, eta =   500.000, beta =     1e-07, dÂ²F/dÎ·Â² =   7.7648501e+10, error (D2F) =   6.6801558e-30, error (DF') =   2.8008021e-31
k =  2.50, eta =   500.000, beta =     0.001, dÂ²F/dÎ·Â² =   7.0776576e+10, error (D2F) =   2.5645799e-29, error (DF') =   2.8117222e-31
k =  2.50, eta =   500.000, beta =        30, dÂ²F/dÎ·Â² =   1.0085794e+09, error (D2F) =   1.5625269e-30, error (DF') =   1.7936107e-32
k =  2.50, eta =   500.000, beta =       100, dÂ²F/dÎ·Â² =   5.5245606e+08, error (D2F) =   7.3385358e-31, error (DF') =   6.9760261e-32
k =  2.50, eta = 10000.000, beta =     1e-07, dÂ²F/dÎ·Â² =    5.554421e+16, error (D2F) =   6.3324952e-15, error (DF') =    6.332509e-15
k =  2.50, eta = 10000.000, beta =     0.001, dÂ²F/dÎ·Â² =   2.4875636e+16, error (D2F) =    5.421911e-15, error (DF') =    5.421924e-15
k =  2.50, eta = 10000.000, beta =        30, dÂ²F/dÎ·Â² =   1.6137362e+14, error (D2F) =   5.2700458e-15, error (DF') =   5.2700586e-15
k =  2.50, eta = 10000.000, beta =       100, dÂ²F/dÎ·Â² =   8.8388247e+13, error (D2F) =   5.2700416e-15, error (DF') =   5.2700544e-15

[92mdÂ²F/dÎ²Â²[0m
k = -0.50, eta =   -70.000, beta =     1e-07, dÂ²F/dÎ²Â² =   8.8078762e-32, error (D2F) =   3.8115729e-16, error (DF') =   6.5935605e-25
k = -0.50, eta =   -70.000, beta =     0.001, dÂ²F/dÎ²Â² =   8.8045766e-32, error (D2F) =   3.3017853e-23, error (DF') =   6.0963302e-29
k = -0.50, eta =   -70.000, beta =        30, dÂ²F/dÎ²Â² =   2.3360427e-32, error (D2F) =   4.6299104e-28, error (DF') =   1.4934248e-31
k = -0.50, eta =   -70.000, beta =       100, dÂ²F/dÎ²Â² =   1.3522634e-32, error (D2F) =   4.0055902e-28, error (DF') =   3.1821032e-31
k = -0.50, eta =     0.000, beta =     1e-07, dÂ²F/dÎ²Â² =      0.16952347, error (D2F) =   8.5671943e-16, error (DF') =   1.1140426e-25
k = -0.50, eta =     0.000, beta =     0.001, dÂ²F/dÎ²Â² =       0.1694515, error (D2F) =   1.8219516e-22, error (DF') =   7.1814516e-31
k = -0.50, eta =     0.000, beta =        30, dÂ²F/dÎ²Â² =      0.04142938, error (D2F) =   1.6493918e-27, error (DF') =   1.3580736e-31
k = -0.50, eta =     0.000, beta =       100, dÂ²F/dÎ²Â² =     0.023761366, error (D2F) =   9.3342169e-28, error (DF') =   1.3204023e-32
k = -0.50, eta =    50.000, beta =     1e-07, dÂ²F/dÎ²Â² =       58.954609, error (D2F) =   9.0324772e-18, error (DF') =   1.0367805e-26
k = -0.50, eta =    50.000, beta =     0.001, dÂ²F/dÎ²Â² =       58.517479, error (D2F) =   5.6252545e-25, error (DF') =   3.1877585e-30
k = -0.50, eta =    50.000, beta =        30, dÂ²F/dÎ²Â² =       3.2124101, error (D2F) =   9.0008499e-28, error (DF') =    2.644971e-31
k = -0.50, eta =    50.000, beta =       100, dÂ²F/dÎ²Â² =       1.7648643, error (D2F) =    1.038852e-27, error (DF') =   5.7918969e-31
k = -0.50, eta =   500.000, beta =     1e-07, dÂ²F/dÎ²Â² =       1863.3852, error (D2F) =   3.5204361e-20, error (DF') =   2.2746964e-27
k = -0.50, eta =   500.000, beta =     0.001, dÂ²F/dÎ²Â² =       1739.7831, error (D2F) =   5.0048116e-27, error (DF') =   3.3491815e-31
k = -0.50, eta =   500.000, beta =        30, dÂ²F/dÎ²Â² =       32.254831, error (D2F) =   1.1273694e-27, error (DF') =   4.0546114e-31
k = -0.50, eta =   500.000, beta =       100, dÂ²F/dÎ²Â² =       17.673953, error (D2F) =   7.9158175e-28, error (DF') =   4.9191417e-32
k = -0.50, eta = 10000.000, beta =     1e-07, dÂ²F/dÎ²Â² =       166641.68, error (D2F) =   1.1979554e-22, error (DF') =    1.020788e-28
k = -0.50, eta = 10000.000, beta =     0.001, dÂ²F/dÎ²Â² =       87938.754, error (D2F) =   1.4375883e-28, error (DF') =   6.2856534e-31
k = -0.50, eta = 10000.000, beta =        30, dÂ²F/dÎ²Â² =       645.47075, error (D2F) =   1.4079678e-28, error (DF') =   3.4833849e-31
k = -0.50, eta = 10000.000, beta =       100, dÂ²F/dÎ²Â² =       353.54861, error (D2F) =   9.2586759e-28, error (DF') =   4.2382035e-32
k =  0.50, eta =   -70.000, beta =     1e-07, dÂ²F/dÎ²Â² =   1.3211814e-31, error (D2F) =   3.4288876e-16, error (DF') =   1.0036654e-25
k =  0.50, eta =   -70.000, beta =     0.001, dÂ²F/dÎ²Â² =   1.3203568e-31, error (D2F) =    3.015622e-24, error (DF') =   4.7786549e-29
k =  0.50, eta =   -70.000, beta =        30, dÂ²F/dÎ²Â² =   2.4914632e-32, error (D2F) =   1.2963506e-28, error (DF') =   4.4671978e-31
k =  0.50, eta =   -70.000, beta =       100, dÂ²F/dÎ²Â² =   1.3922437e-32, error (D2F) =   1.8571165e-29, error (DF') =   6.7383485e-31
k =  0.50, eta =     0.000, beta =     1e-07, dÂ²F/dÎ²Â² =      0.28820094, error (D2F) =   1.7258928e-16, error (DF') =   6.1522739e-26
k =  0.50, eta =     0.000, beta =     0.001, dÂ²F/dÎ²Â² =      0.28800856, error (D2F) =   2.6160085e-23, error (DF') =   4.4418231e-29
k =  0.50, eta =     0.000, beta =        30, dÂ²F/dÎ²Â² =     0.051755857, error (D2F) =   6.9789849e-28, error (DF') =   1.5987142e-31
k =  0.50, eta =     0.000, beta =       100, dÂ²F/dÎ²Â² =     0.028844282, error (D2F) =   1.4392569e-28, error (DF') =   5.6588611e-31
k =  0.50, eta =    50.000, beta =     1e-07, dÂ²F/dÎ²Â² =       1772.1267, error (D2F) =   1.2508577e-18, error (DF') =   4.8807468e-28
k =  0.50, eta =    50.000, beta =     0.001, dÂ²F/dÎ²Â² =       1756.4824, error (D2F) =   1.8590317e-25, error (DF') =   6.7591773e-30
k =  0.50, eta =    50.000, beta =        30, dÂ²F/dÎ²Â² =       80.686486, error (D2F) =   1.0678789e-29, error (DF') =   4.3566378e-31
k =  0.50, eta =    50.000, beta =       100, dÂ²F/dÎ²Â² =       44.234696, error (D2F) =   3.5944196e-28, error (DF') =   2.0229029e-31
k =  0.50, eta =   500.000, beta =     1e-07, dÂ²F/dÎ²Â² =        559025.8, error (D2F) =   4.5556034e-20, error (DF') =   3.8880225e-27
k =  0.50, eta =   500.000, beta =     0.001, dÂ²F/dÎ²Â² =        515346.8, error (D2F) =   8.1285002e-27, error (DF') =    1.269377e-30
k =  0.50, eta =   500.000, beta =        30, dÂ²F/dÎ²Â² =       8067.7466, error (D2F) =   6.0715304e-28, error (DF') =    7.445453e-32
k =  0.50, eta =   500.000, beta =       100, dÂ²F/dÎ²Â² =       4419.2988, error (D2F) =   1.9738163e-27, error (DF') =   1.3835138e-31
k =  0.50, eta = 10000.000, beta =     1e-07, dÂ²F/dÎ²Â² =   9.9982154e+08, error (D2F) =   2.9990847e-23, error (DF') =   1.4865562e-28
k =  0.50, eta = 10000.000, beta =     0.001, dÂ²F/dÎ²Â² =   4.8046432e+08, error (D2F) =    6.553534e-28, error (DF') =   1.8737327e-31
k =  0.50, eta = 10000.000, beta =        30, dÂ²F/dÎ²Â² =       3227464.7, error (D2F) =   3.5728662e-28, error (DF') =   3.6605012e-31
k =  0.50, eta = 10000.000, beta =       100, dÂ²F/dÎ²Â² =       1767763.5, error (D2F) =   1.0184807e-27, error (DF') =   1.1507889e-30
k =  1.50, eta =   -70.000, beta =     1e-07, dÂ²F/dÎ²Â² =   3.3029534e-31, error (D2F) =   1.0818903e-16, error (DF') =   9.2730781e-26
k =  1.50, eta =   -70.000, beta =     0.001, dÂ²F/dÎ²Â² =   3.3000685e-31, error (D2F) =   5.8439859e-24, error (DF') =   8.6513475e-30
k =  1.50, eta =   -70.000, beta =        30, dÂ²F/dÎ²Â² =   5.0504331e-32, error (D2F) =   1.1290107e-27, error (DF') =   1.0631568e-30
k =  1.50, eta =   -70.000, beta =       100, dÂ²F/dÎ²Â² =   2.7972104e-32, error (D2F) =   5.0777905e-28, error (DF') =   7.7977207e-31
k =  1.50, eta =     0.000, beta =     1e-07, dÂ²F/dÎ²Â² =      0.77064645, error (D2F) =   4.8901545e-17, error (DF') =   4.9649792e-26
k =  1.50, eta =     0.000, beta =     0.001, dÂ²F/dÎ²Â² =      0.76994874, error (D2F) =   6.9858982e-24, error (DF') =   5.5523772e-29
k =  1.50, eta =     0.000, beta =        30, dÂ²F/dÎ²Â² =      0.11468501, error (D2F) =   2.8796686e-28, error (DF') =   8.7503906e-31
k =  1.50, eta =     0.000, beta =       100, dÂ²F/dÎ²Â² =     0.063461408, error (D2F) =   4.1160341e-30, error (DF') =   4.7308675e-31
k =  1.50, eta =    50.000, beta =     1e-07, dÂ²F/dÎ²Â² =        63498.08, error (D2F) =   2.6941847e-18, error (DF') =   1.3424807e-26
k =  1.50, eta =    50.000, beta =     0.001, dÂ²F/dÎ²Â² =       62887.366, error (D2F) =   5.6168097e-26, error (DF') =   6.2855368e-30
k =  1.50, eta =    50.000, beta =        30, dÂ²F/dÎ²Â² =        2697.502, error (D2F) =   5.1234564e-28, error (DF') =   1.7725666e-30
k =  1.50, eta =    50.000, beta =       100, dÂ²F/dÎ²Â² =       1478.5126, error (D2F) =   1.4479053e-28, error (DF') =   8.5982192e-31
k =  1.50, eta =   500.000, beta =     1e-07, dÂ²F/dÎ²Â² =   1.9965848e+08, error (D2F) =   2.7720539e-21, error (DF') =   3.4875867e-27
k =  1.50, eta =   500.000, beta =     0.001, dÂ²F/dÎ²Â² =   1.8278439e+08, error (D2F) =   4.8007833e-27, error (DF') =   3.0110378e-30
k =  1.50, eta =   500.000, beta =        30, dÂ²F/dÎ²Â² =         2689409, error (D2F) =   7.0309469e-28, error (DF') =   4.6879767e-31
k =  1.50, eta =   500.000, beta =       100, dÂ²F/dÎ²Â² =       1473153.1, error (D2F) =   1.2020372e-27, error (DF') =     3.40593e-31
k =  1.50, eta = 10000.000, beta =     1e-07, dÂ²F/dÎ²Â² =   7.1414697e+12, error (D2F) =   1.0252043e-22, error (DF') =   6.5174978e-29
k =  1.50, eta = 10000.000, beta =     0.001, dÂ²F/dÎ²Â² =   3.2817094e+12, error (D2F) =   9.4567687e-28, error (DF') =   2.1281215e-31
k =  1.50, eta = 10000.000, beta =        30, dÂ²F/dÎ²Â² =   2.1516469e+10, error (D2F) =   6.0950798e-29, error (DF') =   2.2879256e-31
k =  1.50, eta = 10000.000, beta =       100, dÂ²F/dÎ²Â² =   1.1785097e+10, error (D2F) =   1.9089078e-27, error (DF') =    3.772654e-31
k =  2.50, eta =   -70.000, beta =     1e-07, dÂ²F/dÎ²Â² =   1.1560337e-30, error (D2F) =   6.2566448e-17, error (DF') =   9.3443863e-26
k =  2.50, eta =   -70.000, beta =     0.001, dÂ²F/dÎ²Â² =   1.1547359e-30, error (D2F) =   1.2543203e-24, error (DF') =   2.8762942e-29
k =  2.50, eta =   -70.000, beta =        30, dÂ²F/dÎ²Â² =   1.5229848e-31, error (D2F) =   2.0506393e-28, error (DF') =   3.3329937e-31
k =  2.50, eta =   -70.000, beta =       100, dÂ²F/dÎ²Â² =   8.4052993e-32, error (D2F) =   3.1594635e-29, error (DF') =   6.0591817e-32
k =  2.50, eta =     0.000, beta =     1e-07, dÂ²F/dÎ²Â² =       2.7959289, error (D2F) =   4.2536283e-17, error (DF') =   2.2566139e-26
k =  2.50, eta =     0.000, beta =     0.001, dÂ²F/dÎ²Â² =       2.7927302, error (D2F) =   2.6931648e-24, error (DF') =   7.7755938e-29
k =  2.50, eta =     0.000, beta =        30, dÂ²F/dÎ²Â² =      0.36298945, error (D2F) =   1.2652813e-27, error (DF') =   1.2745857e-31
k =  2.50, eta =     0.000, beta =       100, dÂ²F/dÎ²Â² =      0.20026282, error (D2F) =    8.823951e-28, error (DF') =   3.1736377e-31
k =  2.50, eta =    50.000, beta =     1e-07, dÂ²F/dÎ²Â² =         2480717, error (D2F) =   6.3804236e-19, error (DF') =   5.1410517e-27
k =  2.50, eta =    50.000, beta =     0.001, dÂ²F/dÎ²Â² =       2455599.2, error (D2F) =   7.5852473e-26, error (DF') =   2.0802018e-30
k =  2.50, eta =    50.000, beta =        30, dÂ²F/dÎ²Â² =       101566.15, error (D2F) =    1.749697e-28, error (DF') =   2.2840291e-31
k =  2.50, eta =    50.000, beta =       100, dÂ²F/dÎ²Â² =       55664.515, error (D2F) =   3.8508891e-28, error (DF') =   3.1141133e-31
k =  2.50, eta =   500.000, beta =     1e-07, dÂ²F/dÎ²Â² =   7.7648501e+10, error (D2F) =   1.9469413e-20, error (DF') =   1.4706853e-27
k =  2.50, eta =   500.000, beta =     0.001, dÂ²F/dÎ²Â² =   7.0776576e+10, error (D2F) =   6.5639641e-27, error (DF') =   7.9050803e-31
k =  2.50, eta =   500.000, beta =        30, dÂ²F/dÎ²Â² =   1.0085794e+09, error (D2F) =   1.1833757e-27, error (DF') =   4.8448381e-32
k =  2.50, eta =   500.000, beta =       100, dÂ²F/dÎ²Â² =   5.5245606e+08, error (D2F) =   9.2439962e-28, error (DF') =   6.0201412e-31
k =  2.50, eta = 10000.000, beta =     1e-07, dÂ²F/dÎ²Â² =    5.554421e+16, error (D2F) =   4.7349377e-23, error (DF') =   4.3434553e-29
k =  2.50, eta = 10000.000, beta =     0.001, dÂ²F/dÎ²Â² =   2.4875636e+16, error (D2F) =   2.7951755e-28, error (DF') =   4.3427668e-31
k =  2.50, eta = 10000.000, beta =        30, dÂ²F/dÎ²Â² =   1.6137362e+14, error (D2F) =    1.447558e-29, error (DF') =   7.9316735e-31
k =  2.50, eta = 10000.000, beta =       100, dÂ²F/dÎ²Â² =   8.8388247e+13, error (D2F) =   3.0800807e-28, error (DF') =   2.1106822e-31
