[92mtesting p = ρ² ∂e/∂ρ|ᴛ + T ∂p/∂T|ᵨ[0m
ρ =     0.01 T =    1e+04:  p⁻ + p⁺ =   4.6102109e+09,  p = ρ² ∂e/∂ρ|ᴛ + T ∂p/∂T|ᵨ error =      5.3827e-34
ρ =      100 T =    1e+04:  p⁻ + p⁺ =    6.807255e+15,  p = ρ² ∂e/∂ρ|ᴛ + T ∂p/∂T|ᵨ error =      5.0967e-34
ρ =    1e+05 T =    1e+04:  p⁻ + p⁺ =   6.4992245e+20,  p = ρ² ∂e/∂ρ|ᴛ + T ∂p/∂T|ᵨ error =      1.3308e-21
ρ =    1e+07 T =    1e+04:  p⁻ + p⁺ =   8.4599898e+23,  p = ρ² ∂e/∂ρ|ᴛ + T ∂p/∂T|ᵨ error =      9.4315e-22
ρ =    5e+09 T =    1e+04:  p⁻ + p⁺ =   4.1972017e+27,  p = ρ² ∂e/∂ρ|ᴛ + T ∂p/∂T|ᵨ error =      3.5861e-23
ρ =     0.01 T =    1e+05:  p⁻ + p⁺ =    4.171715e+10,  p = ρ² ∂e/∂ρ|ᴛ + T ∂p/∂T|ᵨ error =      1.5863e-34
ρ =      100 T =    1e+05:  p⁻ + p⁺ =   6.8237704e+15,  p = ρ² ∂e/∂ρ|ᴛ + T ∂p/∂T|ᵨ error =      3.8133e-34
ρ =    1e+05 T =    1e+05:  p⁻ + p⁺ =   6.4992261e+20,  p = ρ² ∂e/∂ρ|ᴛ + T ∂p/∂T|ᵨ error =      6.8131e-28
ρ =    1e+07 T =    1e+05:  p⁻ + p⁺ =   8.4599898e+23,  p = ρ² ∂e/∂ρ|ᴛ + T ∂p/∂T|ᵨ error =      8.1172e-21
ρ =    5e+09 T =    1e+05:  p⁻ + p⁺ =   4.1972017e+27,  p = ρ² ∂e/∂ρ|ᴛ + T ∂p/∂T|ᵨ error =      3.5918e-22
ρ =     0.01 T =    1e+06:  p⁻ + p⁺ =   4.1576893e+11,  p = ρ² ∂e/∂ρ|ᴛ + T ∂p/∂T|ᵨ error =      2.5466e-34
ρ =      100 T =    1e+06:  p⁻ + p⁺ =   8.2955097e+15,  p = ρ² ∂e/∂ρ|ᴛ + T ∂p/∂T|ᵨ error =               0
ρ =    1e+05 T =    1e+06:  p⁻ + p⁺ =   6.4993918e+20,  p = ρ² ∂e/∂ρ|ᴛ + T ∂p/∂T|ᵨ error =      1.3994e-33
ρ =    1e+07 T =    1e+06:  p⁻ + p⁺ =   8.4599908e+23,  p = ρ² ∂e/∂ρ|ᴛ + T ∂p/∂T|ᵨ error =      1.7103e-24
ρ =    5e+09 T =    1e+06:  p⁻ + p⁺ =   4.1972017e+27,  p = ρ² ∂e/∂ρ|ᴛ + T ∂p/∂T|ᵨ error =      3.4264e-21
ρ =     0.01 T =    1e+08:  p⁻ + p⁺ =   4.1572317e+13,  p = ρ² ∂e/∂ρ|ᴛ + T ∂p/∂T|ᵨ error =       4.075e-33
ρ =      100 T =    1e+08:  p⁻ + p⁺ =   4.1616025e+17,  p = ρ² ∂e/∂ρ|ᴛ + T ∂p/∂T|ᵨ error =      1.3339e-34
ρ =    1e+05 T =    1e+08:  p⁻ + p⁺ =   7.9828764e+20,  p = ρ² ∂e/∂ρ|ᴛ + T ∂p/∂T|ᵨ error =      5.6965e-34
ρ =    1e+07 T =    1e+08:  p⁻ + p⁺ =   8.4696558e+23,  p = ρ² ∂e/∂ρ|ᴛ + T ∂p/∂T|ᵨ error =               0
ρ =    5e+09 T =    1e+08:  p⁻ + p⁺ =   4.1972442e+27,  p = ρ² ∂e/∂ρ|ᴛ + T ∂p/∂T|ᵨ error =      1.1361e-34
ρ =     0.01 T =    5e+09:  p⁻ + p⁺ =    2.131083e+24,  p = ρ² ∂e/∂ρ|ᴛ + T ∂p/∂T|ᵨ error =               0
ρ =      100 T =    5e+09:  p⁻ + p⁺ =    2.131083e+24,  p = ρ² ∂e/∂ρ|ᴛ + T ∂p/∂T|ᵨ error =      4.3702e-34
ρ =    1e+05 T =    5e+09:  p⁻ + p⁺ =   2.1311937e+24,  p = ρ² ∂e/∂ρ|ᴛ + T ∂p/∂T|ᵨ error =      1.0925e-34
ρ =    1e+07 T =    5e+09:  p⁻ + p⁺ =   3.0790866e+24,  p = ρ² ∂e/∂ρ|ᴛ + T ∂p/∂T|ᵨ error =      3.0247e-34
ρ =    5e+09 T =    5e+09:  p⁻ + p⁺ =   4.3021496e+27,  p = ρ² ∂e/∂ρ|ᴛ + T ∂p/∂T|ᵨ error =      9.9753e-34

[92mtesting ∂e/∂T|ᵨ = T ∂s/∂T|ᵨ[0m
ρ =     0.01 T =    1e+04:  ∂e/∂T|ᵨ =        59076462,  ∂e/∂T|ᵨ = T ∂s/∂T|ᵨ error =      7.6573e-34
ρ =      100 T =    1e+04:  ∂e/∂T|ᵨ =       501250.36,  ∂e/∂T|ᵨ = T ∂s/∂T|ᵨ error =      1.0763e-29
ρ =    1e+05 T =    1e+04:  ∂e/∂T|ᵨ =       5343.9075,  ∂e/∂T|ᵨ = T ∂s/∂T|ᵨ error =      1.7533e-11
[91mρ =    1e+07 T =    1e+04:  ∂e/∂T|ᵨ =        463.6075,  ∂e/∂T|ᵨ = T ∂s/∂T|ᵨ error =      2.8387e-09[0m
[91mρ =    5e+09 T =    1e+04:  ∂e/∂T|ᵨ =       50.668913,  ∂e/∂T|ᵨ = T ∂s/∂T|ᵨ error =      3.1014e-07[0m
ρ =     0.01 T =    1e+05:  ∂e/∂T|ᵨ =        62252584,  ∂e/∂T|ᵨ = T ∂s/∂T|ᵨ error =      2.0762e-34
ρ =      100 T =    1e+05:  ∂e/∂T|ᵨ =       5003699.5,  ∂e/∂T|ᵨ = T ∂s/∂T|ᵨ error =      1.5547e-31
ρ =    1e+05 T =    1e+05:  ∂e/∂T|ᵨ =       53439.065,  ∂e/∂T|ᵨ = T ∂s/∂T|ᵨ error =      4.7705e-20
ρ =    1e+07 T =    1e+05:  ∂e/∂T|ᵨ =        4636.075,  ∂e/∂T|ᵨ = T ∂s/∂T|ᵨ error =      4.0628e-11
[91mρ =    5e+09 T =    1e+05:  ∂e/∂T|ᵨ =       506.68913,  ∂e/∂T|ᵨ = T ∂s/∂T|ᵨ error =      3.3462e-09[0m
ρ =     0.01 T =    1e+06:  ∂e/∂T|ᵨ =        62381316,  ∂e/∂T|ᵨ = T ∂s/∂T|ᵨ error =      5.1797e-34
ρ =      100 T =    1e+06:  ∂e/∂T|ᵨ =        39506027,  ∂e/∂T|ᵨ = T ∂s/∂T|ᵨ error =      6.5432e-34
ρ =    1e+05 T =    1e+06:  ∂e/∂T|ᵨ =       534381.14,  ∂e/∂T|ᵨ = T ∂s/∂T|ᵨ error =      7.4286e-30
ρ =    1e+07 T =    1e+06:  ∂e/∂T|ᵨ =       46360.746,  ∂e/∂T|ᵨ = T ∂s/∂T|ᵨ error =      4.2808e-17
ρ =    5e+09 T =    1e+06:  ∂e/∂T|ᵨ =       5066.8913,  ∂e/∂T|ᵨ = T ∂s/∂T|ᵨ error =      5.4826e-11
ρ =     0.01 T =    1e+08:  ∂e/∂T|ᵨ =        64921813,  ∂e/∂T|ᵨ = T ∂s/∂T|ᵨ error =      1.9908e-34
ρ =      100 T =    1e+08:  ∂e/∂T|ᵨ =        64886878,  ∂e/∂T|ᵨ = T ∂s/∂T|ᵨ error =      3.9838e-34
ρ =    1e+05 T =    1e+08:  ∂e/∂T|ᵨ =        42155312,  ∂e/∂T|ᵨ = T ∂s/∂T|ᵨ error =       1.533e-33
ρ =    1e+07 T =    1e+08:  ∂e/∂T|ᵨ =       4632237.3,  ∂e/∂T|ᵨ = T ∂s/∂T|ᵨ error =      1.6671e-31
ρ =    5e+09 T =    1e+08:  ∂e/∂T|ᵨ =       506684.55,  ∂e/∂T|ᵨ = T ∂s/∂T|ᵨ error =      9.5477e-29
ρ =     0.01 T =    5e+09:  ∂e/∂T|ᵨ =   6.2562596e+17,  ∂e/∂T|ᵨ = T ∂s/∂T|ᵨ error =               0
ρ =      100 T =    5e+09:  ∂e/∂T|ᵨ =   6.2562596e+13,  ∂e/∂T|ᵨ = T ∂s/∂T|ᵨ error =      1.0831e-34
ρ =    1e+05 T =    5e+09:  ∂e/∂T|ᵨ =   6.2560634e+10,  ∂e/∂T|ᵨ = T ∂s/∂T|ᵨ error =               0
ρ =    1e+07 T =    5e+09:  ∂e/∂T|ᵨ =   5.1517971e+08,  ∂e/∂T|ᵨ = T ∂s/∂T|ᵨ error =               0
ρ =    5e+09 T =    5e+09:  ∂e/∂T|ᵨ =        24781742,  ∂e/∂T|ᵨ = T ∂s/∂T|ᵨ error =      6.6496e-33

[92mtesting -∂s/∂ρ|ᴛ = 1/ρ² ∂p/∂T|ᵨ[0m
ρ =     0.01 T =    1e+04:  ∂s/∂ρ|ᴛ =  -3.9384126e+09,  -∂s/∂ρ|ᴛ = 1/ρ² ∂p/∂T|ᵨ error =      4.2006e-34
ρ =      100 T =    1e+04:  ∂s/∂ρ|ᴛ =      -3339.3643,  -∂s/∂ρ|ᴛ = 1/ρ² ∂p/∂T|ᵨ error =      1.2039e-29
ρ =    1e+05 T =    1e+04:  ∂s/∂ρ|ᴛ =    -0.033464132,  -∂s/∂ρ|ᴛ = 1/ρ² ∂p/∂T|ᵨ error =       1.834e-11
[91mρ =    1e+07 T =    1e+04:  ∂s/∂ρ|ᴛ =  -1.9340336e-05,  -∂s/∂ρ|ᴛ = 1/ρ² ∂p/∂T|ᵨ error =       3.447e-09[0m
[91mρ =    5e+09 T =    1e+04:  ∂s/∂ρ|ᴛ =  -3.3958512e-09,  -∂s/∂ρ|ᴛ = 1/ρ² ∂p/∂T|ᵨ error =      3.3115e-07[0m
ρ =     0.01 T =    1e+05:  ∂s/∂ρ|ᴛ =  -4.1499968e+09,  -∂s/∂ρ|ᴛ = 1/ρ² ∂p/∂T|ᵨ error =      5.9796e-34
ρ =      100 T =    1e+05:  ∂s/∂ρ|ᴛ =      -33334.964,  -∂s/∂ρ|ᴛ = 1/ρ² ∂p/∂T|ᵨ error =      4.1271e-32
ρ =    1e+05 T =    1e+05:  ∂s/∂ρ|ᴛ =     -0.33464126,  -∂s/∂ρ|ᴛ = 1/ρ² ∂p/∂T|ᵨ error =       5.052e-20
ρ =    1e+07 T =    1e+05:  ∂s/∂ρ|ᴛ =  -0.00019340336,  -∂s/∂ρ|ᴛ = 1/ρ² ∂p/∂T|ᵨ error =      5.2295e-11
[91mρ =    5e+09 T =    1e+05:  ∂s/∂ρ|ᴛ =    -3.39585e-08,  -∂s/∂ρ|ᴛ = 1/ρ² ∂p/∂T|ᵨ error =      3.5888e-09[0m
ρ =     0.01 T =    1e+06:  ∂s/∂ρ|ᴛ =  -4.1570021e+09,  -∂s/∂ρ|ᴛ = 1/ρ² ∂p/∂T|ᵨ error =      1.6914e-33
ρ =      100 T =    1e+06:  ∂s/∂ρ|ᴛ =      -263160.62,  -∂s/∂ρ|ᴛ = 1/ρ² ∂p/∂T|ᵨ error =      9.5924e-34
ρ =    1e+05 T =    1e+06:  ∂s/∂ρ|ᴛ =      -3.3463509,  -∂s/∂ρ|ᴛ = 1/ρ² ∂p/∂T|ᵨ error =      4.8083e-29
ρ =    1e+07 T =    1e+06:  ∂s/∂ρ|ᴛ =   -0.0019340334,  -∂s/∂ρ|ᴛ = 1/ρ² ∂p/∂T|ᵨ error =      5.8841e-17
ρ =    5e+09 T =    1e+06:  ∂s/∂ρ|ᴛ =    -3.39585e-07,  -∂s/∂ρ|ᴛ = 1/ρ² ∂p/∂T|ᵨ error =      6.0203e-11
ρ =     0.01 T =    1e+08:  ∂s/∂ρ|ᴛ =  -4.1572311e+09,  -∂s/∂ρ|ᴛ = 1/ρ² ∂p/∂T|ᵨ error =      4.5565e-32
ρ =      100 T =    1e+08:  ∂s/∂ρ|ᴛ =      -415484.33,  -∂s/∂ρ|ᴛ = 1/ρ² ∂p/∂T|ᵨ error =       8.506e-34
ρ =    1e+05 T =    1e+08:  ∂s/∂ρ|ᴛ =      -261.29094,  -∂s/∂ρ|ᴛ = 1/ρ² ∂p/∂T|ᵨ error =      3.7739e-34
ρ =    1e+07 T =    1e+08:  ∂s/∂ρ|ᴛ =      -0.1932346,  -∂s/∂ρ|ᴛ = 1/ρ² ∂p/∂T|ᵨ error =      4.7168e-31
ρ =    5e+09 T =    1e+08:  ∂s/∂ρ|ᴛ =  -3.3958193e-05,  -∂s/∂ρ|ᴛ = 1/ρ² ∂p/∂T|ᵨ error =      1.3802e-28
ρ =     0.01 T =    5e+09:  ∂s/∂ρ|ᴛ =  -1.9024772e+19,  -∂s/∂ρ|ᴛ = 1/ρ² ∂p/∂T|ᵨ error =               0
ρ =      100 T =    5e+09:  ∂s/∂ρ|ᴛ =  -1.9024772e+11,  -∂s/∂ρ|ᴛ = 1/ρ² ∂p/∂T|ᵨ error =               0
ρ =    1e+05 T =    5e+09:  ∂s/∂ρ|ᴛ =      -190242.41,  -∂s/∂ρ|ᴛ = 1/ρ² ∂p/∂T|ᵨ error =               0
ρ =    1e+07 T =    5e+09:  ∂s/∂ρ|ᴛ =       -16.11964,  -∂s/∂ρ|ᴛ = 1/ρ² ∂p/∂T|ᵨ error =      1.9116e-34
ρ =    5e+09 T =    5e+09:  ∂s/∂ρ|ᴛ =   -0.0016608482,  -∂s/∂ρ|ᴛ = 1/ρ² ∂p/∂T|ᵨ error =      9.1727e-33
