[92mtesting ∂n⁻/∂η[0m
eta =   -10.000, beta =    1e-06,  ∂n⁻/∂η =   1.0012e+17,  error =   9.5646e-32
eta =   -10.000, beta =    0.001,  ∂n⁻/∂η =   3.1719e+21,  error =   6.1362e-32
eta =   -10.000, beta =       30,  ∂n⁻/∂η =   4.4586e+30,  error =   9.0239e-32
eta =   -10.000, beta =      100,  ∂n⁻/∂η =   1.6137e+32,  error =   9.6636e-32
eta =     0.000, beta =    1e-06,  ∂n⁻/∂η =    1.334e+21,  error =   5.9998e-32
eta =     0.000, beta =    0.001,  ∂n⁻/∂η =   4.2284e+25,  error =   6.9425e-32
eta =     0.000, beta =       30,  ∂n⁻/∂η =   8.0356e+34,  error =   1.9444e-31
eta =     0.000, beta =      100,  ∂n⁻/∂η =   2.9188e+36,  error =   1.0858e-31
eta =    50.000, beta =    1e-06,  ∂n⁻/∂η =   1.7594e+22,  error =   1.0825e-31
eta =    50.000, beta =    0.001,  ∂n⁻/∂η =   5.9142e+26,  error =   1.1086e-32
eta =    50.000, beta =       30,  ∂n⁻/∂η =   1.1908e+38,  error =   6.7416e-32
eta =    50.000, beta =      100,  ∂n⁻/∂η =   4.4064e+39,  error =   6.9962e-32
eta =   500.000, beta =    1e-06,  ∂n⁻/∂η =   5.5676e+22,  error =   4.0642e-32
eta =   500.000, beta =    0.001,  ∂n⁻/∂η =   2.9509e+27,  error =   1.2927e-32
eta =   500.000, beta =       30,  ∂n⁻/∂η =   1.1879e+40,  error =   2.5246e-32
eta =   500.000, beta =      100,  ∂n⁻/∂η =   4.3991e+41,  error =   1.9527e-32
eta = 10000.000, beta =    1e-06,  ∂n⁻/∂η =   2.5195e+23,  error =   3.4199e-21
eta = 10000.000, beta =    0.001,  ∂n⁻/∂η =   2.1202e+29,  error =   3.9429e-21
eta = 10000.000, beta =       30,  ∂n⁻/∂η =   4.7508e+42,  error =   4.0122e-21
eta = 10000.000, beta =      100,  ∂n⁻/∂η =   1.7596e+44,  error =   4.0122e-21

[92mtesting ∂n⁺/∂η[0m
eta =   -10.000, beta =       30,  ∂n⁺/∂η =  -4.8754e+36,  error =   4.4212e-32
eta =   -10.000, beta =      100,  ∂n⁺/∂η =  -1.8139e+38,  error =   1.0839e-33
eta =     0.000, beta =       30,  ∂n⁺/∂η =  -7.5965e+34,  error =   1.4291e-31
eta =     0.000, beta =      100,  ∂n⁺/∂η =    -2.87e+36,  error =   1.0258e-31
eta =    50.000, beta =       30,  ∂n⁺/∂η =   -1.772e+13,  error =   1.1625e-31
eta =    50.000, beta =      100,  ∂n⁺/∂η =  -6.7197e+14,  error =   1.1762e-31
[91meta =   500.000, beta =       30,  ∂n⁺/∂η = -6.5457e-183,  error =    1.324e+06[0m
[91meta =   500.000, beta =      100,  ∂n⁺/∂η = -2.4822e-181,  error =    1.324e+06[0m

[92mtesting ∂n⁻/∂β[0m
eta =   -10.000, beta =    1e-06,  ∂n⁻/∂β =   1.5018e+23,  error =   1.1066e-31
eta =   -10.000, beta =    0.001,  ∂n⁻/∂β =   4.7638e+24,  error =    1.608e-31
eta =   -10.000, beta =       30,  ∂n⁻/∂β =   4.4099e+29,  error =   1.0754e-31
eta =   -10.000, beta =      100,  ∂n⁻/∂β =    4.825e+30,  error =   3.9771e-32
eta =     0.000, beta =    1e-06,  ∂n⁻/∂β =    2.531e+27,  error =   6.6127e-32
eta =     0.000, beta =    0.001,  ∂n⁻/∂β =   8.0322e+28,  error =   5.4256e-31
eta =     0.000, beta =       30,  ∂n⁻/∂β =   8.7403e+33,  error =   8.3521e-32
eta =     0.000, beta =      100,  ∂n⁻/∂β =   9.5758e+34,  error =   3.0911e-32
eta =    50.000, beta =    1e-06,  ∂n⁻/∂β =   8.8026e+29,  error =   1.8777e-31
eta =    50.000, beta =    0.001,  ∂n⁻/∂β =   2.9593e+31,  error =   1.2223e-31
eta =    50.000, beta =       30,  ∂n⁻/∂β =   1.9899e+38,  error =   5.7798e-32
eta =    50.000, beta =      100,  ∂n⁻/∂β =    2.209e+39,  error =   9.8497e-33
eta =   500.000, beta =    1e-06,  ∂n⁻/∂β =   2.7838e+31,  error =   4.4158e-31
eta =   500.000, beta =    0.001,  ∂n⁻/∂β =   1.4754e+33,  error =   1.5453e-31
eta =   500.000, beta =       30,  ∂n⁻/∂β =   1.9798e+41,  error =   1.3897e-32
eta =   500.000, beta =      100,  ∂n⁻/∂β =   2.1996e+42,  error =   7.6884e-33
eta = 10000.000, beta =    1e-06,  ∂n⁻/∂β =   2.5195e+33,  error =    8.059e-31
eta = 10000.000, beta =    0.001,  ∂n⁻/∂β =   2.1202e+36,  error =   7.7999e-32
eta = 10000.000, beta =       30,  ∂n⁻/∂β =   1.5836e+45,  error =   6.9431e-33
eta = 10000.000, beta =      100,  ∂n⁻/∂β =   1.7596e+46,  error =   5.7489e-33

[92mtesting ∂n⁺/∂β[0m
eta =   -10.000, beta =       30,  ∂n⁺/∂β =    1.729e+36,  error =   6.3075e-32
eta =   -10.000, beta =      100,  ∂n⁺/∂β =   1.9296e+37,  error =   1.9529e-32
eta =     0.000, beta =       30,  ∂n⁺/∂β =    8.393e+33,  error =   1.0723e-31
eta =     0.000, beta =      100,  ∂n⁺/∂β =     9.46e+34,  error =   1.1839e-33
eta =    50.000, beta =       30,  ∂n⁺/∂β =   1.7921e+12,  error =   1.9414e-31
eta =    50.000, beta =      100,  ∂n⁺/∂β =   2.0227e+13,  error =   5.4272e-31
eta =   500.000, beta =       30,  ∂n⁺/∂β =  6.6196e-184,  error =   1.2903e-30
eta =   500.000, beta =      100,  ∂n⁺/∂β =  7.4715e-183,  error =   3.4526e-30

[92mtesting ∂²n⁻/∂η²[0m
eta =   -10.000, beta =    1e-06,  ∂²n⁻/∂η² =   1.0011e+17,  error =   1.4013e-30
eta =   -10.000, beta =    0.001,  ∂²n⁻/∂η² =   3.1718e+21,  error =   8.5121e-31
eta =   -10.000, beta =       30,  ∂²n⁻/∂η² =   4.4586e+30,  error =   5.3224e-32
eta =   -10.000, beta =      100,  ∂²n⁻/∂η² =   1.6136e+32,  error =   5.1388e-31
eta =     0.000, beta =    1e-06,  ∂²n⁻/∂η² =   8.3823e+20,  error =   2.1497e-28
eta =     0.000, beta =    0.001,  ∂²n⁻/∂η² =   2.6586e+25,  error =   4.8489e-29
eta =     0.000, beta =       30,  ∂²n⁻/∂η² =    6.745e+34,  error =   8.1794e-29
eta =     0.000, beta =      100,  ∂²n⁻/∂η² =   2.4569e+36,  error =   2.0321e-29
eta =    50.000, beta =    1e-06,  ∂²n⁻/∂η² =   1.7607e+20,  error =    3.103e-29
eta =    50.000, beta =    0.001,  ∂²n⁻/∂η² =   6.6252e+24,  error =   1.5376e-28
eta =    50.000, beta =       30,  ∂²n⁻/∂η² =   4.7539e+36,  error =   3.5958e-30
eta =    50.000, beta =      100,  ∂²n⁻/∂η² =   1.7599e+38,  error =      4.1e-31
eta =   500.000, beta =    1e-06,  ∂²n⁻/∂η² =   5.5746e+19,  error =    1.725e-28
eta =   500.000, beta =    0.001,  ∂²n⁻/∂η² =   5.5083e+24,  error =   1.4908e-28
eta =   500.000, beta =       30,  ∂²n⁻/∂η² =   4.7511e+37,  error =   1.0587e-31
eta =   500.000, beta =      100,  ∂²n⁻/∂η² =   1.7596e+39,  error =    1.311e-30
eta = 10000.000, beta =    1e-06,  ∂²n⁻/∂η² =    1.291e+19,  error =   3.1077e-14
eta = 10000.000, beta =    0.001,  ∂²n⁻/∂η² =    3.871e+25,  error =   8.6887e-15
eta = 10000.000, beta =       30,  ∂²n⁻/∂η² =   9.5016e+38,  error =   7.9278e-15
eta = 10000.000, beta =      100,  ∂²n⁻/∂η² =   3.5191e+40,  error =   7.9278e-15

[92mtesting ∂²n⁺/∂η²[0m
eta =   -10.000, beta =       30,  ∂²n⁺/∂η² =   9.4699e+35,  error =   1.3832e-29
eta =   -10.000, beta =      100,  ∂²n⁺/∂η² =   3.5156e+37,  error =   8.1869e-30
eta =     0.000, beta =       30,  ∂²n⁺/∂η² =   6.4283e+34,  error =   2.8294e-29
eta =     0.000, beta =      100,  ∂²n⁺/∂η² =   2.4217e+36,  error =   1.6763e-28
eta =    50.000, beta =       30,  ∂²n⁺/∂η² =    1.772e+13,  error =   2.0076e-32
eta =    50.000, beta =      100,  ∂²n⁺/∂η² =   6.7197e+14,  error =   4.0336e-32
[91meta =   500.000, beta =       30,  ∂²n⁺/∂η² =  6.5457e-183,  error =   1.4878e+05[0m
[91meta =   500.000, beta =      100,  ∂²n⁺/∂η² =  2.4822e-181,  error =   1.4878e+05[0m

[92mtesting ∂²n⁻/∂β²[0m
eta =   -10.000, beta =    1e-06,  ∂²n⁻/∂β² =   7.5089e+28,  error =   6.8416e-29
eta =   -10.000, beta =    0.001,  ∂²n⁻/∂β² =   2.3968e+27,  error =   4.0131e-28
eta =   -10.000, beta =       30,  ∂²n⁻/∂β² =   2.9077e+28,  error =   2.4496e-29
eta =   -10.000, beta =      100,  ∂²n⁻/∂β² =   9.6179e+28,  error =   8.2498e-31
eta =     0.000, beta =    1e-06,  ∂²n⁻/∂β² =   1.2655e+33,  error =   2.2115e-28
eta =     0.000, beta =    0.001,  ∂²n⁻/∂β² =   4.0445e+31,  error =   3.3196e-28
eta =     0.000, beta =       30,  ∂²n⁻/∂β² =   5.7686e+32,  error =   1.1794e-29
eta =     0.000, beta =      100,  ∂²n⁻/∂β² =   1.9094e+33,  error =   1.0121e-29
eta =    50.000, beta =    1e-06,  ∂²n⁻/∂β² =   4.4019e+35,  error =   9.6535e-29
eta =    50.000, beta =    0.001,  ∂²n⁻/∂β² =    1.657e+34,  error =   3.0285e-29
eta =    50.000, beta =       30,  ∂²n⁻/∂β² =   1.3258e+37,  error =   3.7282e-30
eta =    50.000, beta =      100,  ∂²n⁻/∂β² =   4.4171e+37,  error =    2.436e-30
eta =   500.000, beta =    1e-06,  ∂²n⁻/∂β² =   1.3937e+37,  error =   1.2626e-28
eta =   500.000, beta =    0.001,  ∂²n⁻/∂β² =   1.3771e+36,  error =   5.9105e-29
eta =   500.000, beta =       30,  ∂²n⁻/∂β² =   1.3198e+40,  error =   1.6001e-30
eta =   500.000, beta =      100,  ∂²n⁻/∂β² =   4.3991e+40,  error =   4.0369e-30
eta = 10000.000, beta =    1e-06,  ∂²n⁻/∂β² =    1.291e+39,  error =   4.5837e-28
eta = 10000.000, beta =    0.001,  ∂²n⁻/∂β² =    3.871e+39,  error =   9.3935e-30
eta = 10000.000, beta =       30,  ∂²n⁻/∂β² =   1.0557e+44,  error =   2.5728e-31
eta = 10000.000, beta =      100,  ∂²n⁻/∂β² =   3.5191e+44,  error =   3.1127e-31

[92mtesting ∂²n⁺/∂β²[0m
eta =   -10.000, beta =       30,  ∂²n⁺/∂β² =   1.1563e+35,  error =    5.618e-32
eta =   -10.000, beta =      100,  ∂²n⁺/∂β² =   3.8628e+35,  error =   1.7839e-30
eta =     0.000, beta =       30,  ∂²n⁺/∂β² =   5.6528e+32,  error =   1.1659e-29
eta =     0.000, beta =      100,  ∂²n⁺/∂β² =   1.8978e+33,  error =   3.2933e-31
eta =    50.000, beta =       30,  ∂²n⁺/∂β² =   1.2082e+11,  error =   1.0211e-28
eta =    50.000, beta =      100,  ∂²n⁺/∂β² =   4.0589e+11,  error =   1.1602e-28
eta =   500.000, beta =       30,  ∂²n⁺/∂β² =  4.4628e-185,  error =   2.6355e-28
eta =   500.000, beta =      100,  ∂²n⁺/∂β² =  1.4993e-184,  error =     5.16e-28

[92mtesting ∂²n⁻/∂η∂β[0m
eta =   -10.000, beta =    1e-06,  ∂²n⁻/∂η∂β =   1.5017e+23,  D_η(∂n⁻/∂β) error =   8.4303e-32  D_β(∂n⁻/∂η) error =   6.3373e-32
eta =   -10.000, beta =    0.001,  ∂²n⁻/∂η∂β =   4.7638e+24,  D_η(∂n⁻/∂β) error =   9.0029e-32  D_β(∂n⁻/∂η) error =   8.5239e-32
eta =   -10.000, beta =       30,  ∂²n⁻/∂η∂β =   4.4099e+29,  D_η(∂n⁻/∂β) error =   8.9963e-33  D_β(∂n⁻/∂η) error =   7.6261e-32
eta =   -10.000, beta =      100,  ∂²n⁻/∂η∂β =   4.8249e+30,  D_η(∂n⁻/∂β) error =   1.0454e-31  D_β(∂n⁻/∂η) error =   1.6698e-32
eta =     0.000, beta =    1e-06,  ∂²n⁻/∂η∂β =    2.001e+27,  D_η(∂n⁻/∂β) error =   7.5066e-33  D_β(∂n⁻/∂η) error =   3.3363e-33
eta =     0.000, beta =    0.001,  ∂²n⁻/∂η∂β =   6.3526e+28,  D_η(∂n⁻/∂β) error =   1.3823e-31  D_β(∂n⁻/∂η) error =   1.0293e-31
eta =     0.000, beta =       30,  ∂²n⁻/∂η∂β =   7.9615e+33,  D_η(∂n⁻/∂β) error =   2.5887e-31  D_β(∂n⁻/∂η) error =   3.5295e-32
eta =     0.000, beta =      100,  ∂²n⁻/∂η∂β =   8.7318e+34,  D_η(∂n⁻/∂β) error =     6.34e-32  D_β(∂n⁻/∂η) error =   9.5283e-33
eta =    50.000, beta =    1e-06,  ∂²n⁻/∂η∂β =   2.6392e+28,  D_η(∂n⁻/∂β) error =   1.3587e-31  D_β(∂n⁻/∂η) error =   3.3042e-31
eta =    50.000, beta =    0.001,  ∂²n⁻/∂η∂β =   9.2253e+29,  D_η(∂n⁻/∂β) error =   7.8996e-32  D_β(∂n⁻/∂η) error =   1.9398e-31
eta =    50.000, beta =       30,  ∂²n⁻/∂η∂β =   1.1903e+37,  D_η(∂n⁻/∂β) error =    8.706e-32  D_β(∂n⁻/∂η) error =   5.2821e-32
eta =    50.000, beta =      100,  ∂²n⁻/∂η∂β =   1.3217e+38,  D_η(∂n⁻/∂β) error =   5.0203e-32  D_β(∂n⁻/∂η) error =   4.6732e-32
eta =   500.000, beta =    1e-06,  ∂²n⁻/∂η∂β =   8.3549e+28,  D_η(∂n⁻/∂β) error =   1.1122e-31  D_β(∂n⁻/∂η) error =   5.4808e-31
eta =   500.000, beta =    0.001,  ∂²n⁻/∂η∂β =    5.705e+30,  D_η(∂n⁻/∂β) error =   9.0724e-32  D_β(∂n⁻/∂η) error =   5.2038e-32
eta =   500.000, beta =       30,  ∂²n⁻/∂η∂β =   1.1878e+39,  D_η(∂n⁻/∂β) error =   1.7545e-32  D_β(∂n⁻/∂η) error =   1.3242e-32
eta =   500.000, beta =      100,  ∂²n⁻/∂η∂β =   1.3197e+40,  D_η(∂n⁻/∂β) error =   1.4143e-32  D_β(∂n⁻/∂η) error =   2.1771e-32
eta = 10000.000, beta =    1e-06,  ∂²n⁻/∂η∂β =   3.8105e+29,  D_η(∂n⁻/∂β) error =   3.4231e-21  D_β(∂n⁻/∂η) error =   8.6495e-33
eta = 10000.000, beta =    0.001,  ∂²n⁻/∂η∂β =   5.9913e+32,  D_η(∂n⁻/∂β) error =   3.9643e-21  D_β(∂n⁻/∂η) error =   9.3156e-32
eta = 10000.000, beta =       30,  ∂²n⁻/∂η∂β =   4.7508e+41,  D_η(∂n⁻/∂β) error =   4.0122e-21  D_β(∂n⁻/∂η) error =   9.1818e-33
eta = 10000.000, beta =      100,  ∂²n⁻/∂η∂β =   5.2786e+42,  D_η(∂n⁻/∂β) error =   4.0122e-21  D_β(∂n⁻/∂η) error =   2.2884e-32

[92mtesting ∂²n⁺/∂η∂β[0m
eta =   -10.000, beta =       30,  ∂²n⁺/∂η∂β =   -4.886e+35,  D_η(∂n⁺/∂β) error =    3.445e-32  D_β(∂n⁺/∂η) error =   3.9427e-32
eta =   -10.000, beta =      100,  ∂²n⁺/∂η∂β =  -5.4453e+36,  D_η(∂n⁺/∂β) error =   3.7611e-34  D_β(∂n⁺/∂η) error =    6.864e-32
eta =     0.000, beta =       30,  ∂²n⁺/∂η∂β =  -7.6688e+33,  D_η(∂n⁺/∂β) error =   2.4124e-32  D_β(∂n⁺/∂η) error =   7.7848e-32
eta =     0.000, beta =      100,  ∂²n⁺/∂η∂β =  -8.6343e+34,  D_η(∂n⁺/∂β) error =   7.2826e-32  D_β(∂n⁺/∂η) error =   1.9643e-32
eta =    50.000, beta =       30,  ∂²n⁺/∂η∂β =  -1.7921e+12,  D_η(∂n⁺/∂β) error =     1.08e-31  D_β(∂n⁺/∂η) error =   2.1766e-31
eta =    50.000, beta =      100,  ∂²n⁺/∂η∂β =  -2.0227e+13,  D_η(∂n⁺/∂β) error =   3.8024e-32  D_β(∂n⁺/∂η) error =   5.5612e-31
[91meta =   500.000, beta =       30,  ∂²n⁺/∂η∂β = -6.6196e-184,  D_η(∂n⁺/∂β) error =    1.324e+06  D_β(∂n⁺/∂η) error =   2.2187e-30[0m
[91meta =   500.000, beta =      100,  ∂²n⁺/∂η∂β = -7.4715e-183,  D_η(∂n⁺/∂β) error =    1.324e+06  D_β(∂n⁺/∂η) error =   3.2996e-30[0m
